[worker 2] start hours=4.0 quick=40 refine=180 target_fee=35.5
[worker 2] it=1 quick score=282.79 edge=318.01 p10=259.23 fee=28.24 best=WorldState_TiltFair_w2_000001:282.79
[worker 2] it=2 quick score=247.22 edge=297.14 p10=242.17 fee=24.57 best=WorldState_TiltFair_w2_000001:282.79
[worker 2] it=3 quick score=295.93 edge=326.44 p10=269.84 fee=29.52 best=WorldState_TiltFair_w2_000003:295.93
[worker 2] it=4 quick score=330.06 edge=350.82 p10=292.43 fee=37.44 best=WorldState_TiltFair_w2_000004:330.06
[worker 2] it=5 quick score=326.06 edge=343.31 p10=284.90 fee=34.45 best=WorldState_TiltFair_w2_000004:330.06
[worker 2] it=6 quick score=180.88 edge=373.63 p10=306.65 fee=64.16 best=WorldState_TiltFair_w2_000004:330.06
[worker 2] it=6 REFINE score=322.46 edge=351.34 p10=271.97 fee=37.43
[worker 2] NEW BEST refine score=322.46 edge=351.34 fee=37.43
[worker 2] it=7 quick score=323.82 edge=341.78 p10=283.77 fee=34.04 best=WorldState_TiltFair_w2_000004:330.06
[worker 2] it=8 quick score=317.55 edge=368.03 p10=304.96 fee=43.41 best=WorldState_TiltFair_w2_000004:330.06
[worker 2] it=9 quick score=254.09 edge=302.49 p10=252.69 fee=24.37 best=WorldState_TiltFair_w2_000004:330.06
[worker 2] it=10 quick score=323.85 edge=341.80 p10=283.83 fee=34.05 best=WorldState_TiltFair_w2_000004:330.06
[worker 2] it=11 quick score=309.08 edge=333.33 p10=271.85 fee=32.23 best=WorldState_TiltFair_w2_000004:330.06
[worker 2] it=12 quick score=325.26 edge=365.72 p10=303.45 fee=42.03 best=WorldState_TiltFair_w2_000004:330.06
[worker 2] it=12 REFINE score=319.27 edge=344.21 p10=266.93 fee=34.45
[worker 2] it=13 quick score=222.15 edge=281.18 p10=235.36 fee=21.55 best=WorldState_TiltFair_w2_000004:330.06
[worker 2] it=14 quick score=208.06 edge=372.96 p10=306.02 fee=59.98 best=WorldState_TiltFair_w2_000004:330.06
[worker 2] it=15 quick score=341.03 edge=355.92 p10=297.84 fee=35.05 best=WorldState_TiltFair_w2_000015:341.03
[worker 2] it=16 quick score=195.81 edge=369.29 p10=299.94 fee=61.26 best=WorldState_TiltFair_w2_000015:341.03
[worker 2] it=17 quick score=330.24 edge=345.84 p10=285.19 fee=35.25 best=WorldState_TiltFair_w2_000015:341.03
[worker 2] it=18 quick score=240.19 edge=292.08 p10=238.76 fee=24.03 best=WorldState_TiltFair_w2_000015:341.03
[worker 2] it=18 REFINE score=333.70 edge=356.32 p10=280.24 fee=35.05
[worker 2] NEW BEST refine score=333.70 edge=356.32 fee=35.05
[worker 2] it=19 quick score=222.19 edge=281.21 p10=235.40 fee=21.55 best=WorldState_TiltFair_w2_000015:341.03
[worker 2] it=20 quick score=330.25 edge=348.66 p10=288.93 fee=36.72 best=WorldState_TiltFair_w2_000015:341.03
[worker 2] it=21 quick score=245.95 edge=362.63 p10=300.47 fee=53.07 best=WorldState_TiltFair_w2_000015:341.03
[worker 2] it=22 quick score=331.83 edge=349.76 p10=290.55 fee=36.60 best=WorldState_TiltFair_w2_000015:341.03
[worker 2] it=23 quick score=261.05 edge=307.58 p10=255.96 fee=24.97 best=WorldState_TiltFair_w2_000015:341.03
[worker 2] it=24 quick score=281.82 edge=317.27 p10=258.21 fee=28.21 best=WorldState_TiltFair_w2_000015:341.03
[worker 2] it=24 REFINE score=324.72 edge=350.12 p10=273.65 fee=36.62
[worker 2] it=25 quick score=302.51 edge=330.47 p10=273.88 fee=30.34 best=WorldState_TiltFair_w2_000015:341.03
[worker 2] it=26 quick score=330.30 edge=345.85 p10=285.35 fee=35.26 best=WorldState_TiltFair_w2_000015:341.03
[worker 2] it=27 quick score=299.48 edge=328.95 p10=272.00 fee=29.92 best=WorldState_TiltFair_w2_000015:341.03
[worker 2] it=28 quick score=249.71 edge=299.34 p10=250.85 fee=23.97 best=WorldState_TiltFair_w2_000015:341.03
[worker 2] it=29 quick score=211.68 edge=366.89 p10=301.23 fee=58.68 best=WorldState_TiltFair_w2_000015:341.03
[worker 2] it=30 quick score=326.57 edge=343.40 p10=285.47 fee=34.56 best=WorldState_TiltFair_w2_000015:341.03
[worker 2] it=30 REFINE score=322.11 edge=346.38 p10=265.81 fee=35.22
[worker 2] it=31 quick score=321.98 edge=340.43 p10=283.86 fee=33.77 best=WorldState_TiltFair_w2_000015:341.03
[worker 2] it=32 quick score=277.43 edge=363.45 p10=298.40 fee=48.44 best=WorldState_TiltFair_w2_000015:341.03
[worker 2] it=33 quick score=170.68 edge=238.14 p10=193.01 fee=19.84 best=WorldState_TiltFair_w2_000015:341.03
[worker 2] it=34 quick score=327.70 edge=345.02 p10=283.51 fee=34.70 best=WorldState_TiltFair_w2_000015:341.03
[worker 2] it=35 quick score=253.73 edge=300.93 p10=247.36 fee=25.15 best=WorldState_TiltFair_w2_000015:341.03
[worker 2] it=36 quick score=278.74 edge=362.68 p10=298.02 fee=48.24 best=WorldState_TiltFair_w2_000015:341.03
[worker 2] it=36 REFINE score=323.25 edge=349.21 p10=272.12 fee=36.75
[worker 2] it=37 quick score=286.01 edge=319.41 p10=261.78 fee=28.68 best=WorldState_TiltFair_w2_000015:341.03
[worker 2] it=38 quick score=327.63 edge=344.87 p10=283.60 fee=34.70 best=WorldState_TiltFair_w2_000015:341.03
[worker 2] it=39 quick score=207.95 edge=373.79 p10=306.25 fee=60.22 best=WorldState_TiltFair_w2_000015:341.03
[worker 2] it=40 quick score=299.76 edge=325.54 p10=267.05 fee=31.57 best=WorldState_TiltFair_w2_000015:341.03
[worker 2] it=41 quick score=330.30 edge=347.56 p10=290.42 fee=36.49 best=WorldState_TiltFair_w2_000015:341.03
[worker 2] it=42 quick score=338.11 edge=353.12 p10=295.41 fee=34.97 best=WorldState_TiltFair_w2_000015:341.03
[worker 2] it=42 REFINE score=330.95 edge=353.53 p10=278.30 fee=34.97
[worker 2] it=43 quick score=332.14 edge=347.01 p10=286.75 fee=35.56 best=WorldState_TiltFair_w2_000015:341.03
[worker 2] it=44 quick score=311.85 edge=335.60 p10=281.61 fee=31.48 best=WorldState_TiltFair_w2_000015:341.03
[worker 2] it=45 quick score=319.89 edge=333.74 p10=278.20 fee=35.62 best=WorldState_TiltFair_w2_000015:341.03
[worker 2] it=46 quick score=287.22 edge=316.36 p10=257.47 fee=30.28 best=WorldState_TiltFair_w2_000015:341.03
[worker 2] it=47 quick score=302.47 edge=358.60 p10=296.58 fee=44.25 best=WorldState_TiltFair_w2_000015:341.03
[worker 2] it=48 quick score=328.30 edge=344.78 p10=285.12 fee=34.85 best=WorldState_TiltFair_w2_000015:341.03
[worker 2] it=48 REFINE score=323.06 edge=347.32 p10=265.14 fee=35.52
[worker 2] it=49 quick score=302.54 edge=330.51 p10=273.90 fee=30.34 best=WorldState_TiltFair_w2_000015:341.03
[worker 2] it=50 quick score=319.21 edge=338.77 p10=280.16 fee=33.59 best=WorldState_TiltFair_w2_000015:341.03
[worker 2] it=51 quick score=171.85 edge=240.73 p10=201.64 fee=18.87 best=WorldState_TiltFair_w2_000015:341.03
[worker 2] it=52 quick score=340.94 edge=355.11 p10=297.11 fee=35.68 best=WorldState_TiltFair_w2_000015:341.03
[worker 2] it=53 quick score=306.35 edge=369.68 p10=306.62 fee=45.30 best=WorldState_TiltFair_w2_000015:341.03
[worker 2] it=54 quick score=324.80 edge=342.17 p10=284.14 fee=34.37 best=WorldState_TiltFair_w2_000015:341.03
[worker 2] it=54 REFINE score=333.72 edge=355.57 p10=279.89 fee=35.69
[worker 2] NEW BEST refine score=333.72 edge=355.57 fee=35.69
[worker 2] it=55 quick score=340.51 edge=355.10 p10=296.96 fee=35.80 best=WorldState_TiltFair_w2_000015:341.03
[worker 2] it=56 quick score=290.14 edge=370.35 p10=305.45 fee=47.70 best=WorldState_TiltFair_w2_000015:341.03
[worker 2] it=57 quick score=323.67 edge=350.24 p10=292.11 fee=39.60 best=WorldState_TiltFair_w2_000015:341.03
[worker 2] it=58 quick score=324.88 edge=342.32 p10=284.12 fee=34.21 best=WorldState_TiltFair_w2_000015:341.03
[worker 2] it=59 quick score=325.27 edge=365.72 p10=303.46 fee=42.03 best=WorldState_TiltFair_w2_000015:341.03
[worker 2] it=60 quick score=325.51 edge=365.76 p10=303.49 fee=42.00 best=WorldState_TiltFair_w2_000015:341.03
[worker 2] it=60 REFINE score=333.34 edge=355.54 p10=279.79 fee=35.81
[worker 2] it=61 quick score=119.30 edge=372.44 p10=303.68 fee=72.99 best=WorldState_TiltFair_w2_000015:341.03
[worker 2] it=62 quick score=329.23 edge=354.29 p10=293.68 fee=38.82 best=WorldState_TiltFair_w2_000015:341.03
[worker 2] it=63 quick score=329.99 edge=350.34 p10=291.76 fee=37.29 best=WorldState_TiltFair_w2_000015:341.03
[worker 2] it=64 quick score=329.21 edge=345.13 p10=286.23 fee=35.04 best=WorldState_TiltFair_w2_000015:341.03
[worker 2] it=65 quick score=303.13 edge=330.91 p10=275.77 fee=30.16 best=WorldState_TiltFair_w2_000015:341.03
[worker 2] it=66 quick score=244.73 edge=369.25 p10=304.76 fee=54.16 best=WorldState_TiltFair_w2_000015:341.03
[worker 2] it=66 REFINE score=323.09 edge=348.18 p10=271.58 fee=36.49
[worker 2] it=67 quick score=325.41 edge=343.12 p10=282.67 fee=34.52 best=WorldState_TiltFair_w2_000015:341.03
[worker 2] it=68 quick score=327.40 edge=354.45 p10=294.62 fee=39.63 best=WorldState_TiltFair_w2_000015:341.03
[worker 2] it=69 quick score=334.91 edge=354.38 p10=295.94 fee=37.32 best=WorldState_TiltFair_w2_000015:341.03
[worker 2] it=70 quick score=313.13 edge=367.96 p10=304.85 fee=44.11 best=WorldState_TiltFair_w2_000015:341.03
[worker 2] it=71 quick score=309.24 edge=334.46 p10=280.28 fee=30.97 best=WorldState_TiltFair_w2_000015:341.03
[worker 2] it=72 quick score=317.88 edge=354.38 p10=294.07 fee=41.41 best=WorldState_TiltFair_w2_000015:341.03
[worker 2] it=72 REFINE score=327.84 edge=354.95 p10=279.15 fee=37.34
[worker 2] it=73 quick score=340.49 edge=355.07 p10=296.96 fee=35.80 best=WorldState_TiltFair_w2_000015:341.03
[worker 2] it=74 quick score=154.96 edge=374.11 p10=305.68 fee=68.02 best=WorldState_TiltFair_w2_000015:341.03
[worker 2] it=75 quick score=256.64 edge=373.37 p10=307.97 fee=53.11 best=WorldState_TiltFair_w2_000015:341.03
[worker 2] it=76 quick score=195.76 edge=377.10 p10=307.70 fee=62.38 best=WorldState_TiltFair_w2_000015:341.03
[worker 2] it=77 quick score=325.52 edge=354.80 p10=293.84 fee=40.02 best=WorldState_TiltFair_w2_000015:341.03
[worker 2] it=78 quick score=338.78 edge=352.53 p10=295.13 fee=35.40 best=WorldState_TiltFair_w2_000015:341.03
[worker 2] it=78 REFINE score=333.38 edge=355.54 p10=279.99 fee=35.81
[worker 2] it=79 quick score=332.14 edge=347.67 p10=288.56 fee=35.09 best=WorldState_TiltFair_w2_000015:341.03
[worker 2] it=80 quick score=339.96 edge=356.71 p10=298.23 fee=36.49 best=WorldState_TiltFair_w2_000015:341.03
[worker 2] it=81 quick score=334.15 edge=350.42 p10=290.05 fee=35.98 best=WorldState_TiltFair_w2_000015:341.03
[worker 2] it=82 quick score=334.07 edge=350.55 p10=289.86 fee=35.99 best=WorldState_TiltFair_w2_000015:341.03
[worker 2] it=83 quick score=340.48 edge=354.96 p10=296.92 fee=35.78 best=WorldState_TiltFair_w2_000015:341.03
[worker 2] it=84 quick score=330.30 edge=345.36 p10=287.88 fee=35.75 best=WorldState_TiltFair_w2_000015:341.03
[worker 2] it=84 REFINE score=333.32 edge=355.43 p10=279.79 fee=35.79
[worker 2] it=85 quick score=322.41 edge=341.09 p10=284.17 fee=33.71 best=WorldState_TiltFair_w2_000015:341.03
[worker 2] it=86 quick score=332.13 edge=347.66 p10=288.57 fee=35.09 best=WorldState_TiltFair_w2_000015:341.03
[worker 2] it=87 quick score=341.79 edge=355.41 p10=297.41 fee=35.50 best=WorldState_TiltFair_w2_000087:341.79
[worker 2] it=88 quick score=338.17 edge=353.08 p10=295.42 fee=35.00 best=WorldState_TiltFair_w2_000087:341.79
[worker 2] it=89 quick score=321.02 edge=355.73 p10=294.97 fee=41.17 best=WorldState_TiltFair_w2_000087:341.79
[worker 2] it=90 quick score=338.37 edge=352.89 p10=295.30 fee=35.14 best=WorldState_TiltFair_w2_000087:341.79
[worker 2] it=90 REFINE score=334.51 edge=355.84 p10=280.03 fee=35.51
[worker 2] NEW BEST refine score=334.51 edge=355.84 fee=35.51
[worker 2] it=91 quick score=321.30 edge=340.63 p10=282.54 fee=33.76 best=WorldState_TiltFair_w2_000087:341.79
[worker 2] it=92 quick score=330.99 edge=353.71 p10=295.58 fee=38.45 best=WorldState_TiltFair_w2_000087:341.79
[worker 2] it=93 quick score=329.84 edge=349.19 p10=291.81 fee=37.27 best=WorldState_TiltFair_w2_000087:341.79
[worker 2] it=94 quick score=238.06 edge=369.09 p10=303.49 fee=55.15 best=WorldState_TiltFair_w2_000087:341.79
[worker 2] it=95 quick score=340.42 edge=354.94 p10=296.99 fee=35.80 best=WorldState_TiltFair_w2_000087:341.79
[worker 2] it=96 quick score=338.61 edge=352.66 p10=295.31 fee=35.27 best=WorldState_TiltFair_w2_000087:341.79
[worker 2] it=96 REFINE score=333.27 edge=355.42 p10=279.95 fee=35.81
[worker 2] it=97 quick score=335.34 edge=352.72 p10=292.83 fee=36.38 best=WorldState_TiltFair_w2_000087:341.79
[worker 2] it=98 quick score=340.49 edge=355.07 p10=296.96 fee=35.80 best=WorldState_TiltFair_w2_000087:341.79
[worker 2] it=99 quick score=330.62 edge=353.68 p10=295.40 fee=38.54 best=WorldState_TiltFair_w2_000087:341.79
[worker 2] it=100 quick score=265.68 edge=375.89 p10=309.98 fee=52.15 best=WorldState_TiltFair_w2_000087:341.79
[worker 2] it=101 quick score=330.37 edge=354.79 p10=296.00 fee=38.91 best=WorldState_TiltFair_w2_000087:341.79
[worker 2] it=102 quick score=238.82 edge=296.70 p10=250.74 fee=21.69 best=WorldState_TiltFair_w2_000087:341.79
[worker 2] it=102 REFINE score=333.38 edge=355.54 p10=279.99 fee=35.81
[worker 2] it=103 quick score=337.69 edge=354.42 p10=296.83 fee=36.56 best=WorldState_TiltFair_w2_000087:341.79
[worker 2] it=104 quick score=340.52 edge=355.02 p10=296.80 fee=35.77 best=WorldState_TiltFair_w2_000087:341.79
[worker 2] it=105 quick score=338.34 edge=352.94 p10=295.36 fee=35.12 best=WorldState_TiltFair_w2_000087:341.79
[worker 2] it=106 quick score=211.09 edge=266.22 p10=209.60 fee=23.92 best=WorldState_TiltFair_w2_000087:341.79
[worker 2] it=107 quick score=334.24 edge=352.81 p10=295.69 fee=33.59 best=WorldState_TiltFair_w2_000087:341.79
[worker 2] it=108 quick score=304.55 edge=361.25 p10=300.00 fee=44.37 best=WorldState_TiltFair_w2_000087:341.79
[worker 2] it=108 REFINE score=333.46 edge=355.50 p10=279.99 fee=35.77
[worker 2] it=109 quick score=328.17 edge=348.38 p10=289.25 fee=37.32 best=WorldState_TiltFair_w2_000087:341.79
[worker 2] it=110 quick score=335.16 edge=351.85 p10=291.85 fee=36.15 best=WorldState_TiltFair_w2_000087:341.79
[worker 2] it=111 quick score=332.24 edge=359.84 p10=299.23 fee=39.63 best=WorldState_TiltFair_w2_000087:341.79
[worker 2] it=112 quick score=334.13 edge=350.46 p10=290.31 fee=35.96 best=WorldState_TiltFair_w2_000087:341.79
[worker 2] it=113 quick score=207.14 edge=271.04 p10=228.06 fee=20.16 best=WorldState_TiltFair_w2_000087:341.79
[worker 2] it=114 quick score=324.31 edge=365.54 p10=303.39 fee=42.16 best=WorldState_TiltFair_w2_000087:341.79
[worker 2] it=114 REFINE score=332.81 edge=357.22 p10=281.23 fee=36.49
[worker 2] it=115 quick score=329.88 edge=354.94 p10=293.92 fee=38.88 best=WorldState_TiltFair_w2_000087:341.79
[worker 2] it=116 quick score=334.73 edge=351.06 p10=294.05 fee=34.41 best=WorldState_TiltFair_w2_000087:341.79
[worker 2] it=117 quick score=338.23 edge=356.52 p10=298.29 fee=36.97 best=WorldState_TiltFair_w2_000087:341.79
[worker 2] it=118 quick score=338.32 edge=352.98 p10=295.42 fee=35.10 best=WorldState_TiltFair_w2_000087:341.79
[worker 2] it=119 quick score=339.41 edge=354.61 p10=296.59 fee=36.02 best=WorldState_TiltFair_w2_000087:341.79
[worker 2] it=120 quick score=341.18 edge=355.13 p10=297.12 fee=35.60 best=WorldState_TiltFair_w2_000087:341.79
[worker 2] it=120 REFINE score=334.08 edge=355.63 p10=280.11 fee=35.62
[worker 2] it=121 quick score=296.85 edge=326.56 p10=270.27 fee=29.65 best=WorldState_TiltFair_w2_000087:341.79
[worker 2] it=122 quick score=303.23 edge=363.87 p10=300.71 fee=44.85 best=WorldState_TiltFair_w2_000087:341.79
[worker 2] it=123 quick score=197.09 edge=372.53 p10=304.10 fee=61.52 best=WorldState_TiltFair_w2_000087:341.79
[worker 2] it=124 quick score=321.10 edge=343.32 p10=288.43 fee=31.93 best=WorldState_TiltFair_w2_000087:341.79
[worker 2] it=125 quick score=340.83 edge=355.07 p10=297.04 fee=35.70 best=WorldState_TiltFair_w2_000087:341.79
[worker 2] it=126 quick score=341.03 edge=355.92 p10=297.86 fee=35.05 best=WorldState_TiltFair_w2_000087:341.79
[worker 2] it=126 REFINE score=333.70 edge=356.34 p10=280.26 fee=35.04
[worker 2] it=127 quick score=217.06 edge=370.99 p10=301.41 fee=58.30 best=WorldState_TiltFair_w2_000087:341.79
[worker 2] it=128 quick score=316.83 edge=340.15 p10=285.13 fee=31.64 best=WorldState_TiltFair_w2_000087:341.79
[worker 2] it=129 quick score=341.79 edge=355.45 p10=297.49 fee=35.48 best=WorldState_TiltFair_w2_000129:341.79
[worker 2] it=130 quick score=340.44 edge=355.07 p10=296.95 fee=35.82 best=WorldState_TiltFair_w2_000129:341.79
[worker 2] it=131 quick score=266.57 edge=362.46 p10=296.90 fee=49.91 best=WorldState_TiltFair_w2_000129:341.79
[worker 2] it=132 quick score=282.52 edge=316.95 p10=258.77 fee=28.24 best=WorldState_TiltFair_w2_000129:341.79
[worker 2] it=132 REFINE score=334.49 edge=355.85 p10=279.96 fee=35.49
[worker 2] it=133 quick score=341.04 edge=355.90 p10=297.85 fee=35.05 best=WorldState_TiltFair_w2_000129:341.79
[worker 2] it=134 quick score=338.20 edge=356.52 p10=298.08 fee=36.94 best=WorldState_TiltFair_w2_000129:341.79
[worker 2] it=135 quick score=341.23 edge=357.22 p10=298.74 fee=36.24 best=WorldState_TiltFair_w2_000129:341.79
[worker 2] it=136 quick score=340.93 edge=355.11 p10=297.17 fee=35.68 best=WorldState_TiltFair_w2_000129:341.79
[worker 2] it=137 quick score=340.29 edge=354.93 p10=296.77 fee=35.82 best=WorldState_TiltFair_w2_000129:341.79
[worker 2] it=138 quick score=341.31 edge=355.27 p10=297.20 fee=35.60 best=WorldState_TiltFair_w2_000129:341.79
[worker 2] it=138 REFINE score=334.18 edge=355.73 p10=280.21 fee=35.61
[worker 2] it=139 quick score=335.08 edge=351.84 p10=295.04 fee=34.22 best=WorldState_TiltFair_w2_000129:341.79
[worker 2] it=140 quick score=327.30 edge=361.06 p10=300.70 fee=40.97 best=WorldState_TiltFair_w2_000129:341.79
[worker 2] it=141 quick score=272.85 edge=375.24 p10=309.45 fee=51.00 best=WorldState_TiltFair_w2_000129:341.79
[worker 2] it=142 quick score=338.30 edge=354.41 p10=296.19 fee=36.31 best=WorldState_TiltFair_w2_000129:341.79
[worker 2] it=143 quick score=340.56 edge=355.14 p10=296.98 fee=35.79 best=WorldState_TiltFair_w2_000129:341.79
[worker 2] it=144 quick score=340.39 edge=354.93 p10=296.97 fee=35.80 best=WorldState_TiltFair_w2_000129:341.79
[worker 2] it=144 REFINE score=333.86 edge=357.65 p10=281.42 fee=36.25
[worker 2] it=145 quick score=341.23 edge=355.20 p10=297.25 fee=35.62 best=WorldState_TiltFair_w2_000129:341.79
[worker 2] it=146 quick score=310.46 edge=326.23 p10=272.80 fee=34.50 best=WorldState_TiltFair_w2_000129:341.79
[worker 2] it=147 quick score=315.90 edge=366.99 p10=304.96 fee=43.59 best=WorldState_TiltFair_w2_000129:341.79
[worker 2] it=148 quick score=341.53 edge=355.49 p10=297.49 fee=35.38 best=WorldState_TiltFair_w2_000129:341.79
[worker 2] it=149 quick score=340.01 edge=354.85 p10=296.88 fee=35.90 best=WorldState_TiltFair_w2_000129:341.79
[worker 2] it=150 quick score=320.94 edge=339.42 p10=282.75 fee=36.96 best=WorldState_TiltFair_w2_000129:341.79
[worker 2] it=150 REFINE score=334.39 edge=355.91 p10=280.41 fee=35.39
[worker 2] it=151 quick score=325.47 edge=365.76 p10=303.50 fee=42.01 best=WorldState_TiltFair_w2_000129:341.79
[worker 2] it=152 quick score=321.25 edge=346.07 p10=289.25 fee=38.99 best=WorldState_TiltFair_w2_000129:341.79
[worker 2] it=153 quick score=299.93 edge=360.62 p10=300.08 fee=45.06 best=WorldState_TiltFair_w2_000129:341.79
[worker 2] it=154 quick score=174.92 edge=247.35 p10=205.11 fee=18.30 best=WorldState_TiltFair_w2_000129:341.79
[worker 2] it=155 quick score=262.47 edge=360.67 p10=295.08 fee=50.26 best=WorldState_TiltFair_w2_000129:341.79
[worker 2] it=156 quick score=339.74 edge=358.75 p10=299.69 fee=37.16 best=WorldState_TiltFair_w2_000129:341.79
[worker 2] it=156 REFINE score=334.05 edge=355.66 p10=280.26 fee=35.63
[worker 2] it=157 quick score=340.96 edge=355.73 p10=297.17 fee=35.80 best=WorldState_TiltFair_w2_000129:341.79
[worker 2] it=158 quick score=341.65 edge=355.33 p10=297.32 fee=35.49 best=WorldState_TiltFair_w2_000129:341.79
[worker 2] it=159 quick score=341.07 edge=355.17 p10=297.07 fee=35.64 best=WorldState_TiltFair_w2_000129:341.79
[worker 2] it=160 quick score=341.52 edge=355.49 p10=297.45 fee=35.38 best=WorldState_TiltFair_w2_000129:341.79
[worker 2] it=161 quick score=299.52 edge=351.41 p10=290.42 fee=43.66 best=WorldState_TiltFair_w2_000129:341.79
[worker 2] it=162 quick score=341.55 edge=355.31 p10=297.27 fee=35.53 best=WorldState_TiltFair_w2_000129:341.79
[worker 2] it=162 REFINE score=334.47 edge=355.78 p10=279.97 fee=35.50
[worker 2] it=163 quick score=341.16 edge=355.24 p10=297.15 fee=35.64 best=WorldState_TiltFair_w2_000129:341.79
[worker 2] it=164 quick score=302.49 edge=337.79 p10=284.83 fee=27.43 best=WorldState_TiltFair_w2_000129:341.79
[worker 2] it=165 quick score=341.47 edge=355.49 p10=297.49 fee=35.36 best=WorldState_TiltFair_w2_000129:341.79
[worker 2] it=166 quick score=337.52 edge=353.97 p10=296.49 fee=34.40 best=WorldState_TiltFair_w2_000129:341.79
[worker 2] it=167 quick score=340.05 edge=356.77 p10=298.23 fee=36.46 best=WorldState_TiltFair_w2_000129:341.79
[worker 2] it=168 quick score=340.75 edge=355.05 p10=297.02 fee=35.72 best=WorldState_TiltFair_w2_000129:341.79
[worker 2] it=168 REFINE score=334.34 edge=355.77 p10=280.00 fee=35.55
[worker 2] it=169 quick score=341.14 edge=355.69 p10=297.63 fee=35.17 best=WorldState_TiltFair_w2_000129:341.79
[worker 2] it=170 quick score=328.94 edge=351.43 p10=293.40 fee=38.29 best=WorldState_TiltFair_w2_000129:341.79
[worker 2] it=171 quick score=295.22 edge=371.36 p10=307.44 fee=47.21 best=WorldState_TiltFair_w2_000129:341.79
[worker 2] it=172 quick score=199.61 edge=264.18 p10=222.80 fee=19.97 best=WorldState_TiltFair_w2_000129:341.79
[worker 2] it=173 quick score=285.43 edge=317.39 p10=266.91 fee=28.16 best=WorldState_TiltFair_w2_000129:341.79
[worker 2] it=174 quick score=340.07 edge=354.86 p10=296.98 fee=35.89 best=WorldState_TiltFair_w2_000129:341.79
[worker 2] it=174 REFINE score=334.38 edge=355.91 p10=280.38 fee=35.39
[worker 2] it=175 quick score=341.54 edge=355.46 p10=297.50 fee=35.38 best=WorldState_TiltFair_w2_000129:341.79
[worker 2] it=176 quick score=341.35 edge=355.29 p10=297.25 fee=35.60 best=WorldState_TiltFair_w2_000129:341.79
[worker 2] it=177 quick score=315.44 edge=337.94 p10=283.98 fee=31.91 best=WorldState_TiltFair_w2_000129:341.79
[worker 2] it=178 quick score=341.47 edge=355.49 p10=297.50 fee=35.36 best=WorldState_TiltFair_w2_000129:341.79
[worker 2] it=179 quick score=269.83 edge=354.48 p10=292.26 fee=48.43 best=WorldState_TiltFair_w2_000129:341.79
[worker 2] it=180 quick score=340.92 edge=355.10 p10=296.99 fee=35.67 best=WorldState_TiltFair_w2_000129:341.79
[worker 2] it=180 REFINE score=334.31 edge=355.89 p10=280.09 fee=35.39
[worker 2] it=181 quick score=269.77 edge=366.63 p10=301.55 fee=50.12 best=WorldState_TiltFair_w2_000129:341.79
[worker 2] it=182 quick score=341.08 edge=355.91 p10=297.86 fee=35.06 best=WorldState_TiltFair_w2_000129:341.79
[worker 2] it=183 quick score=340.25 edge=355.03 p10=296.93 fee=35.86 best=WorldState_TiltFair_w2_000129:341.79
[worker 2] it=184 quick score=225.17 edge=378.93 p10=311.03 fee=58.38 best=WorldState_TiltFair_w2_000129:341.79
[worker 2] it=185 quick score=341.18 edge=355.13 p10=297.12 fee=35.60 best=WorldState_TiltFair_w2_000129:341.79
[worker 2] it=186 quick score=340.55 edge=355.04 p10=297.10 fee=35.79 best=WorldState_TiltFair_w2_000129:341.79
[worker 2] it=186 REFINE score=334.25 edge=355.92 p10=280.12 fee=35.37
[worker 2] it=187 quick score=252.97 edge=305.67 p10=258.19 fee=22.99 best=WorldState_TiltFair_w2_000129:341.79
[worker 2] it=188 quick score=247.78 edge=369.99 p10=302.55 fee=53.71 best=WorldState_TiltFair_w2_000129:341.79
[worker 2] it=189 quick score=313.08 edge=328.92 p10=276.62 fee=34.26 best=WorldState_TiltFair_w2_000129:341.79
[worker 2] it=190 quick score=341.48 edge=355.88 p10=297.36 fee=35.69 best=WorldState_TiltFair_w2_000129:341.79
[worker 2] it=191 quick score=331.22 edge=364.53 p10=302.87 fee=41.01 best=WorldState_TiltFair_w2_000129:341.79
[worker 2] it=192 quick score=292.78 edge=348.69 p10=288.05 fee=44.20 best=WorldState_TiltFair_w2_000129:341.79
[worker 2] it=192 REFINE score=334.29 edge=356.41 p10=280.06 fee=35.70
[worker 2] it=193 quick score=338.56 edge=360.38 p10=300.66 fee=38.02 best=WorldState_TiltFair_w2_000129:341.79
[worker 2] it=194 quick score=295.81 edge=359.84 p10=296.99 fee=45.36 best=WorldState_TiltFair_w2_000129:341.79
[worker 2] it=195 quick score=266.81 edge=376.09 p10=309.96 fee=52.00 best=WorldState_TiltFair_w2_000129:341.79
[worker 2] it=196 quick score=332.48 edge=351.44 p10=294.58 fee=33.43 best=WorldState_TiltFair_w2_000129:341.79
[worker 2] it=197 quick score=319.37 edge=364.52 p10=302.88 fee=42.76 best=WorldState_TiltFair_w2_000129:341.79
[worker 2] it=198 quick score=284.44 edge=318.20 p10=264.55 fee=28.04 best=WorldState_TiltFair_w2_000129:341.79
[worker 2] it=198 REFINE score=334.25 edge=355.92 p10=280.12 fee=35.37
[worker 2] it=199 quick score=339.53 edge=354.45 p10=296.47 fee=35.04 best=WorldState_TiltFair_w2_000129:341.79
[worker 2] it=200 quick score=341.47 edge=355.84 p10=297.30 fee=35.68 best=WorldState_TiltFair_w2_000129:341.79
[worker 2] it=201 quick score=341.26 edge=355.72 p10=297.78 fee=35.18 best=WorldState_TiltFair_w2_000129:341.79
[worker 2] it=202 quick score=337.67 edge=360.09 p10=300.43 fee=38.23 best=WorldState_TiltFair_w2_000129:341.79
[worker 2] it=203 quick score=341.52 edge=355.47 p10=297.49 fee=35.37 best=WorldState_TiltFair_w2_000129:341.79
[worker 2] it=204 quick score=341.39 edge=355.30 p10=297.14 fee=35.57 best=WorldState_TiltFair_w2_000129:341.79
[worker 2] it=204 REFINE score=334.29 edge=355.91 p10=280.08 fee=35.38
[worker 2] it=205 quick score=321.15 edge=347.56 p10=288.68 fee=39.47 best=WorldState_TiltFair_w2_000129:341.79
[worker 2] it=206 quick score=341.65 edge=355.89 p10=297.37 fee=35.65 best=WorldState_TiltFair_w2_000129:341.79
[worker 2] it=207 quick score=341.43 edge=355.30 p10=297.23 fee=35.57 best=WorldState_TiltFair_w2_000129:341.79
[worker 2] it=208 quick score=337.96 edge=360.17 p10=300.49 fee=38.16 best=WorldState_TiltFair_w2_000129:341.79
[worker 2] it=209 quick score=190.32 edge=363.72 p10=296.82 fee=61.32 best=WorldState_TiltFair_w2_000129:341.79
[worker 2] it=210 quick score=341.16 edge=355.67 p10=297.57 fee=35.19 best=WorldState_TiltFair_w2_000129:341.79
[worker 2] it=210 REFINE score=334.58 edge=356.39 p10=280.63 fee=35.66
[worker 2] NEW BEST refine score=334.58 edge=356.39 fee=35.66
[worker 2] it=211 quick score=335.58 edge=350.91 p10=293.58 fee=34.85 best=WorldState_TiltFair_w2_000129:341.79
[worker 2] it=212 quick score=264.62 edge=365.58 p10=302.26 fee=50.89 best=WorldState_TiltFair_w2_000129:341.79
[worker 2] it=213 quick score=249.00 edge=372.64 p10=304.31 fee=53.97 best=WorldState_TiltFair_w2_000129:341.79
[worker 2] it=214 quick score=341.52 edge=355.34 p10=297.25 fee=35.44 best=WorldState_TiltFair_w2_000129:341.79
[worker 2] it=215 quick score=287.92 edge=320.12 p10=264.50 fee=28.83 best=WorldState_TiltFair_w2_000129:341.79
[worker 2] it=216 quick score=341.62 edge=355.43 p10=297.48 fee=35.42 best=WorldState_TiltFair_w2_000129:341.79
[worker 2] it=216 REFINE score=334.39 edge=355.87 p10=280.07 fee=35.43
[worker 2] it=217 quick score=340.86 edge=355.02 p10=297.04 fee=35.68 best=WorldState_TiltFair_w2_000129:341.79
[worker 2] it=218 quick score=341.46 edge=355.54 p10=297.62 fee=35.32 best=WorldState_TiltFair_w2_000129:341.79
[worker 2] it=219 quick score=341.19 edge=355.89 p10=297.90 fee=35.10 best=WorldState_TiltFair_w2_000129:341.79
[worker 2] it=220 quick score=341.06 edge=355.07 p10=297.18 fee=35.64 best=WorldState_TiltFair_w2_000129:341.79
[worker 2] it=221 quick score=341.52 edge=355.49 p10=297.48 fee=35.37 best=WorldState_TiltFair_w2_000129:341.79
[worker 2] it=222 quick score=255.31 edge=357.94 p10=293.46 fee=50.97 best=WorldState_TiltFair_w2_000129:341.79
[worker 2] it=222 REFINE score=334.39 edge=355.92 p10=280.40 fee=35.39
[worker 2] it=223 quick score=341.08 edge=355.15 p10=297.12 fee=35.65 best=WorldState_TiltFair_w2_000129:341.79
[worker 2] it=224 quick score=322.28 edge=356.94 p10=297.04 fee=41.18 best=WorldState_TiltFair_w2_000129:341.79
[worker 2] it=225 quick score=341.39 edge=355.65 p10=297.68 fee=35.27 best=WorldState_TiltFair_w2_000129:341.79
[worker 2] it=226 quick score=341.35 edge=355.29 p10=297.08 fee=35.58 best=WorldState_TiltFair_w2_000129:341.79
[worker 2] it=227 quick score=341.39 edge=355.32 p10=297.23 fee=35.59 best=WorldState_TiltFair_w2_000129:341.79
[worker 2] it=228 quick score=341.63 edge=355.37 p10=297.26 fee=35.52 best=WorldState_TiltFair_w2_000129:341.79
[worker 2] it=228 REFINE score=334.44 edge=355.79 p10=280.07 fee=35.53
[worker 2] it=229 quick score=314.00 edge=368.17 p10=304.95 fee=44.01 best=WorldState_TiltFair_w2_000129:341.79
[worker 2] it=230 quick score=207.26 edge=265.79 p10=210.33 fee=22.93 best=WorldState_TiltFair_w2_000129:341.79
[worker 2] it=231 quick score=187.82 edge=382.54 p10=312.82 fee=64.36 best=WorldState_TiltFair_w2_000129:341.79
[worker 2] it=232 quick score=299.03 edge=353.30 p10=292.53 fee=44.02 best=WorldState_TiltFair_w2_000129:341.79
[worker 2] it=233 quick score=319.36 edge=344.99 p10=290.77 fee=30.58 best=WorldState_TiltFair_w2_000129:341.79
[worker 2] it=234 quick score=339.48 edge=354.72 p10=296.75 fee=36.03 best=WorldState_TiltFair_w2_000129:341.79
[worker 2] it=234 REFINE score=334.44 edge=355.81 p10=280.25 fee=35.45
[worker 2] it=235 quick score=339.37 edge=355.01 p10=296.76 fee=36.13 best=WorldState_TiltFair_w2_000129:341.79
[worker 2] it=236 quick score=288.69 edge=328.23 p10=276.35 fee=26.34 best=WorldState_TiltFair_w2_000129:341.79
[worker 2] it=237 quick score=341.57 edge=355.46 p10=297.34 fee=35.42 best=WorldState_TiltFair_w2_000129:341.79
[worker 2] it=238 quick score=314.69 edge=331.35 p10=275.59 fee=34.55 best=WorldState_TiltFair_w2_000129:341.79
[worker 2] it=239 quick score=341.32 edge=355.27 p10=297.16 fee=35.59 best=WorldState_TiltFair_w2_000129:341.79
[worker 2] it=240 quick score=273.23 edge=365.39 p10=301.71 fee=49.51 best=WorldState_TiltFair_w2_000129:341.79
[worker 2] it=240 REFINE score=334.36 edge=355.90 p10=279.98 fee=35.43
[worker 2] it=241 quick score=317.72 edge=356.05 p10=295.14 fee=41.55 best=WorldState_TiltFair_w2_000129:341.79
[worker 2] it=242 quick score=341.45 edge=355.55 p10=297.52 fee=35.33 best=WorldState_TiltFair_w2_000129:341.79
[worker 2] it=243 quick score=310.21 edge=339.25 p10=286.48 fee=29.17 best=WorldState_TiltFair_w2_000129:341.79
[worker 2] it=244 quick score=337.11 edge=354.05 p10=296.49 fee=36.62 best=WorldState_TiltFair_w2_000129:341.79
[worker 2] it=245 quick score=238.04 edge=356.50 p10=293.10 fee=53.31 best=WorldState_TiltFair_w2_000129:341.79
[worker 2] it=246 quick score=200.89 edge=366.95 p10=300.92 fee=60.30 best=WorldState_TiltFair_w2_000129:341.79
[worker 2] it=246 REFINE score=334.48 edge=356.32 p10=280.75 fee=35.69
[worker 2] it=247 quick score=341.00 edge=355.95 p10=297.91 fee=35.02 best=WorldState_TiltFair_w2_000129:341.79
[worker 2] it=248 quick score=341.52 edge=355.36 p10=297.28 fee=35.43 best=WorldState_TiltFair_w2_000129:341.79
[worker 2] it=249 quick score=286.10 edge=317.98 p10=262.10 fee=29.01 best=WorldState_TiltFair_w2_000129:341.79
[worker 2] it=250 quick score=303.46 edge=367.45 p10=302.97 fee=45.26 best=WorldState_TiltFair_w2_000129:341.79
[worker 2] it=251 quick score=341.31 edge=355.15 p10=297.13 fee=35.57 best=WorldState_TiltFair_w2_000129:341.79
[worker 2] it=252 quick score=313.00 edge=346.29 p10=286.35 fee=40.95 best=WorldState_TiltFair_w2_000129:341.79
[worker 2] it=252 REFINE score=334.43 edge=355.81 p10=280.29 fee=35.44
[worker 2] it=253 quick score=341.30 edge=355.25 p10=297.31 fee=35.62 best=WorldState_TiltFair_w2_000129:341.79
[worker 2] it=254 quick score=288.09 edge=358.98 p10=296.97 fee=46.44 best=WorldState_TiltFair_w2_000129:341.79
[worker 2] it=255 quick score=340.15 edge=355.48 p10=297.03 fee=35.99 best=WorldState_TiltFair_w2_000129:341.79
[worker 2] it=256 quick score=329.96 edge=350.29 p10=293.92 fee=32.85 best=WorldState_TiltFair_w2_000129:341.79
[worker 2] it=257 quick score=341.45 edge=355.63 p10=297.66 fee=35.29 best=WorldState_TiltFair_w2_000129:341.79
[worker 2] it=258 quick score=289.43 edge=370.73 p10=304.85 fee=47.78 best=WorldState_TiltFair_w2_000129:341.79
[worker 2] it=258 REFINE score=334.19 edge=355.95 p10=280.11 fee=35.33
[worker 2] it=259 quick score=321.98 edge=364.86 p10=301.88 fee=42.28 best=WorldState_TiltFair_w2_000129:341.79
[worker 2] it=260 quick score=242.16 edge=364.48 p10=299.22 fee=53.83 best=WorldState_TiltFair_w2_000129:341.79
[worker 2] it=261 quick score=340.80 edge=355.81 p10=297.10 fee=35.88 best=WorldState_TiltFair_w2_000129:341.79
[worker 2] it=262 quick score=341.66 edge=355.37 p10=297.26 fee=35.52 best=WorldState_TiltFair_w2_000129:341.79
[worker 2] it=263 quick score=341.51 edge=355.56 p10=297.60 fee=35.34 best=WorldState_TiltFair_w2_000129:341.79
[worker 2] it=264 quick score=341.51 edge=355.49 p10=297.47 fee=35.37 best=WorldState_TiltFair_w2_000129:341.79
[worker 2] it=264 REFINE score=334.47 edge=355.80 p10=280.07 fee=35.52
[worker 2] it=265 quick score=326.40 edge=352.91 p10=292.21 fee=39.18 best=WorldState_TiltFair_w2_000129:341.79
[worker 2] it=266 quick score=335.94 edge=353.95 p10=294.76 fee=36.59 best=WorldState_TiltFair_w2_000129:341.79
[worker 2] it=267 quick score=341.58 edge=355.35 p10=297.47 fee=35.56 best=WorldState_TiltFair_w2_000129:341.79
[worker 2] it=268 quick score=321.75 edge=346.73 p10=288.94 fee=38.84 best=WorldState_TiltFair_w2_000129:341.79
[worker 2] it=269 quick score=341.51 edge=355.42 p10=297.42 fee=35.38 best=WorldState_TiltFair_w2_000129:341.79
[worker 2] it=270 quick score=251.21 edge=378.26 p10=311.54 fee=54.48 best=WorldState_TiltFair_w2_000129:341.79
[worker 2] it=270 REFINE score=334.31 edge=355.82 p10=279.98 fee=35.56
[worker 2] it=271 quick score=326.37 edge=346.38 p10=291.10 fee=32.80 best=WorldState_TiltFair_w2_000129:341.79
[worker 2] it=272 quick score=333.91 edge=352.20 p10=295.60 fee=33.62 best=WorldState_TiltFair_w2_000129:341.79
[worker 2] it=273 quick score=340.33 edge=354.98 p10=296.82 fee=35.81 best=WorldState_TiltFair_w2_000129:341.79
[worker 2] it=274 quick score=341.33 edge=355.20 p10=297.21 fee=35.58 best=WorldState_TiltFair_w2_000129:341.79
[worker 2] it=275 quick score=332.07 edge=358.32 p10=298.84 fee=39.50 best=WorldState_TiltFair_w2_000129:341.79
[worker 2] it=276 quick score=342.08 edge=355.91 p10=297.63 fee=35.46 best=WorldState_TiltFair_w2_000276:342.08
[worker 2] it=276 REFINE score=334.90 edge=356.37 p10=280.39 fee=35.47
[worker 2] NEW BEST refine score=334.90 edge=356.37 fee=35.47
[worker 2] it=277 quick score=269.79 edge=317.69 p10=265.62 fee=24.53 best=WorldState_TiltFair_w2_000276:342.08
[worker 2] it=278 quick score=180.37 edge=372.60 p10=302.91 fee=63.99 best=WorldState_TiltFair_w2_000276:342.08
[worker 2] it=279 quick score=341.90 edge=355.91 p10=297.59 fee=35.40 best=WorldState_TiltFair_w2_000276:342.08
[worker 2] it=280 quick score=341.47 edge=355.39 p10=297.38 fee=35.39 best=WorldState_TiltFair_w2_000276:342.08
[worker 2] it=281 quick score=341.61 edge=355.42 p10=297.36 fee=35.43 best=WorldState_TiltFair_w2_000276:342.08
[worker 2] it=282 quick score=341.72 edge=355.91 p10=297.38 fee=35.62 best=WorldState_TiltFair_w2_000276:342.08
[worker 2] it=282 REFINE score=334.73 edge=356.37 p10=280.36 fee=35.40
[worker 2] it=283 quick score=341.59 edge=355.37 p10=297.28 fee=35.46 best=WorldState_TiltFair_w2_000276:342.08
[worker 2] it=284 quick score=267.09 edge=360.08 p10=295.92 fee=49.61 best=WorldState_TiltFair_w2_000276:342.08
[worker 2] it=285 quick score=222.49 edge=372.67 p10=306.86 fee=57.93 best=WorldState_TiltFair_w2_000276:342.08
[worker 2] it=286 quick score=297.71 edge=367.36 p10=302.01 fee=46.12 best=WorldState_TiltFair_w2_000276:342.08
[worker 2] it=287 quick score=333.90 edge=362.84 p10=301.89 fee=40.27 best=WorldState_TiltFair_w2_000276:342.08
[worker 2] it=288 quick score=340.52 edge=355.27 p10=297.32 fee=35.86 best=WorldState_TiltFair_w2_000276:342.08
[worker 2] it=288 REFINE score=334.69 edge=356.42 p10=280.66 fee=35.63
[worker 2] it=289 quick score=271.78 edge=367.16 p10=304.50 fee=50.04 best=WorldState_TiltFair_w2_000276:342.08
[worker 2] it=290 quick score=146.46 edge=215.85 p10=178.09 fee=18.88 best=WorldState_TiltFair_w2_000276:342.08
[worker 2] it=291 quick score=279.11 edge=374.18 p10=308.82 fee=49.92 best=WorldState_TiltFair_w2_000276:342.08
[worker 2] it=292 quick score=266.81 edge=376.09 p10=309.95 fee=52.00 best=WorldState_TiltFair_w2_000276:342.08
[worker 2] it=293 quick score=274.47 edge=361.23 p10=298.02 fee=48.73 best=WorldState_TiltFair_w2_000276:342.08
[worker 2] it=294 quick score=159.14 edge=379.52 p10=310.67 fee=68.16 best=WorldState_TiltFair_w2_000276:342.08
[worker 2] it=294 REFINE score=334.46 edge=355.86 p10=280.30 fee=35.44
[worker 2] it=295 quick score=341.58 edge=355.83 p10=297.33 fee=35.65 best=WorldState_TiltFair_w2_000276:342.08
[worker 2] it=296 quick score=313.66 edge=357.90 p10=297.93 fee=42.66 best=WorldState_TiltFair_w2_000276:342.08
[worker 2] it=297 quick score=338.59 edge=354.61 p10=296.93 fee=36.28 best=WorldState_TiltFair_w2_000276:342.08
[worker 2] it=298 quick score=341.30 edge=355.75 p10=297.79 fee=35.19 best=WorldState_TiltFair_w2_000276:342.08
[worker 2] it=299 quick score=341.58 edge=355.46 p10=297.50 fee=35.40 best=WorldState_TiltFair_w2_000276:342.08
[worker 2] it=300 quick score=341.13 edge=355.95 p10=297.88 fee=35.07 best=WorldState_TiltFair_w2_000276:342.08
[worker 2] it=300 REFINE score=334.41 edge=355.81 p10=279.99 fee=35.47
[worker 2] it=301 quick score=281.32 edge=367.85 p10=303.07 fee=48.65 best=WorldState_TiltFair_w2_000276:342.08
[worker 2] it=302 quick score=295.47 edge=357.54 p10=298.33 fee=45.29 best=WorldState_TiltFair_w2_000276:342.08
[worker 2] it=303 quick score=216.98 edge=275.49 p10=231.82 fee=21.50 best=WorldState_TiltFair_w2_000276:342.08
[worker 2] it=304 quick score=341.56 edge=355.36 p10=297.16 fee=35.53 best=WorldState_TiltFair_w2_000276:342.08
[worker 2] it=305 quick score=339.11 edge=354.86 p10=298.03 fee=34.62 best=WorldState_TiltFair_w2_000276:342.08
[worker 2] it=306 quick score=310.15 edge=330.28 p10=271.77 fee=33.44 best=WorldState_TiltFair_w2_000276:342.08
[worker 2] it=306 REFINE score=334.54 edge=356.37 p10=280.53 fee=35.66
[worker 2] it=307 quick score=341.58 edge=355.38 p10=297.29 fee=35.45 best=WorldState_TiltFair_w2_000276:342.08
[worker 2] it=308 quick score=272.94 edge=367.42 p10=304.30 fee=49.78 best=WorldState_TiltFair_w2_000276:342.08
[worker 2] it=309 quick score=273.16 edge=356.16 p10=294.10 fee=48.16 best=WorldState_TiltFair_w2_000276:342.08
[worker 2] it=310 quick score=304.50 edge=332.36 p10=281.07 fee=29.51 best=WorldState_TiltFair_w2_000276:342.08
[worker 2] it=311 quick score=273.35 edge=358.51 p10=296.69 fee=48.60 best=WorldState_TiltFair_w2_000276:342.08
[worker 2] it=312 quick score=336.83 edge=361.81 p10=301.47 fee=39.00 best=WorldState_TiltFair_w2_000276:342.08
[worker 2] it=312 REFINE score=334.34 edge=355.90 p10=280.07 fee=35.40
[worker 2] it=313 quick score=274.40 edge=314.10 p10=263.31 fee=26.41 best=WorldState_TiltFair_w2_000276:342.08
[worker 2] it=314 quick score=342.17 edge=355.96 p10=297.49 fee=35.50 best=WorldState_TiltFair_w2_000314:342.17
[worker 2] it=315 quick score=224.37 edge=375.84 p10=307.10 fee=58.02 best=WorldState_TiltFair_w2_000314:342.17
[worker 2] it=316 quick score=334.60 edge=363.04 p10=302.10 fee=40.10 best=WorldState_TiltFair_w2_000314:342.17
[worker 2] it=317 quick score=140.46 edge=216.41 p10=181.58 fee=16.86 best=WorldState_TiltFair_w2_000314:342.17
[worker 2] it=318 quick score=328.33 edge=346.83 p10=288.44 fee=36.78 best=WorldState_TiltFair_w2_000314:342.17
[worker 2] it=318 REFINE score=335.06 edge=356.47 p10=280.52 fee=35.51
[worker 2] NEW BEST refine score=335.06 edge=356.47 fee=35.51
[worker 2] it=319 quick score=341.53 edge=355.46 p10=297.44 fee=35.40 best=WorldState_TiltFair_w2_000314:342.17
[worker 2] it=320 quick score=326.66 edge=342.04 p10=286.54 fee=34.75 best=WorldState_TiltFair_w2_000314:342.17
[worker 2] it=321 quick score=290.99 edge=352.24 p10=291.51 fee=45.04 best=WorldState_TiltFair_w2_000314:342.17
[worker 2] it=322 quick score=317.76 edge=366.55 p10=303.78 fee=43.24 best=WorldState_TiltFair_w2_000314:342.17
[worker 2] it=323 quick score=341.65 edge=355.32 p10=297.28 fee=35.51 best=WorldState_TiltFair_w2_000314:342.17
[worker 2] it=324 quick score=341.66 edge=355.37 p10=297.20 fee=35.51 best=WorldState_TiltFair_w2_000314:342.17
[worker 2] it=324 REFINE score=334.48 edge=355.80 p10=280.07 fee=35.52
[worker 2] it=325 quick score=301.72 edge=368.32 p10=305.22 fee=45.84 best=WorldState_TiltFair_w2_000314:342.17
[worker 2] it=326 quick score=279.25 edge=365.32 p10=302.62 fee=48.67 best=WorldState_TiltFair_w2_000314:342.17
[worker 2] it=327 quick score=307.58 edge=326.95 p10=274.13 fee=33.10 best=WorldState_TiltFair_w2_000314:342.17
[worker 2] it=328 quick score=321.43 edge=351.67 p10=290.96 fee=40.40 best=WorldState_TiltFair_w2_000314:342.17
[worker 2] it=329 quick score=276.87 edge=313.64 p10=256.83 fee=27.75 best=WorldState_TiltFair_w2_000314:342.17
[worker 2] it=330 quick score=341.49 edge=355.62 p10=297.57 fee=35.32 best=WorldState_TiltFair_w2_000314:342.17
[worker 2] it=330 REFINE score=334.43 edge=355.79 p10=279.96 fee=35.52
[worker 2] it=331 quick score=341.56 edge=355.46 p10=297.34 fee=35.42 best=WorldState_TiltFair_w2_000314:342.17
[worker 2] it=332 quick score=342.05 edge=358.79 p10=299.46 fee=36.33 best=WorldState_TiltFair_w2_000314:342.17
[worker 2] it=333 quick score=192.98 edge=260.82 p10=219.85 fee=19.10 best=WorldState_TiltFair_w2_000314:342.17
[worker 2] it=334 quick score=283.57 edge=352.93 p10=291.95 fee=46.21 best=WorldState_TiltFair_w2_000314:342.17
[worker 2] it=335 quick score=341.64 edge=355.48 p10=297.45 fee=35.43 best=WorldState_TiltFair_w2_000314:342.17
[worker 2] it=336 quick score=280.89 edge=361.87 p10=298.11 fee=47.84 best=WorldState_TiltFair_w2_000314:342.17
[worker 2] it=336 REFINE score=334.44 edge=359.21 p10=280.97 fee=36.33
[worker 2] it=337 quick score=329.20 edge=345.05 p10=289.04 fee=36.44 best=WorldState_TiltFair_w2_000314:342.17
[worker 2] it=338 quick score=328.75 edge=351.25 p10=295.01 fee=32.02 best=WorldState_TiltFair_w2_000314:342.17
[worker 2] it=339 quick score=262.26 edge=303.42 p10=245.12 fee=26.97 best=WorldState_TiltFair_w2_000314:342.17
[worker 2] it=340 quick score=289.46 edge=372.26 p10=307.44 fee=48.15 best=WorldState_TiltFair_w2_000314:342.17
[worker 2] it=341 quick score=296.31 edge=368.57 p10=304.78 fee=46.58 best=WorldState_TiltFair_w2_000314:342.17
[worker 2] it=342 quick score=341.61 edge=355.36 p10=297.25 fee=35.53 best=WorldState_TiltFair_w2_000314:342.17
[worker 2] it=342 REFINE score=334.38 edge=355.91 p10=279.96 fee=35.43
[worker 2] it=343 quick score=340.23 edge=358.90 p10=299.77 fee=37.04 best=WorldState_TiltFair_w2_000314:342.17
[worker 2] it=344 quick score=279.17 edge=374.59 p10=308.50 fee=49.86 best=WorldState_TiltFair_w2_000314:342.17
[worker 2] it=345 quick score=341.44 edge=355.54 p10=297.44 fee=35.34 best=WorldState_TiltFair_w2_000314:342.17
[worker 2] it=346 quick score=320.49 edge=350.21 p10=290.31 fee=40.19 best=WorldState_TiltFair_w2_000314:342.17
[worker 2] it=347 quick score=341.58 edge=355.33 p10=297.24 fee=35.47 best=WorldState_TiltFair_w2_000314:342.17
[worker 2] it=348 quick score=341.30 edge=355.79 p10=297.77 fee=35.18 best=WorldState_TiltFair_w2_000314:342.17
[worker 2] it=348 REFINE score=334.38 edge=355.79 p10=279.92 fee=35.53
[worker 2] it=349 quick score=341.74 edge=355.42 p10=297.45 fee=35.47 best=WorldState_TiltFair_w2_000314:342.17
[worker 2] it=350 quick score=343.95 edge=358.15 p10=299.74 fee=35.44 best=WorldState_TiltFair_w2_000350:343.95
[worker 2] it=351 quick score=341.59 edge=355.37 p10=297.27 fee=35.54 best=WorldState_TiltFair_w2_000350:343.95
[worker 2] it=352 quick score=341.75 edge=355.40 p10=297.43 fee=35.48 best=WorldState_TiltFair_w2_000350:343.95
[worker 2] it=353 quick score=300.57 edge=326.53 p10=269.03 fee=31.29 best=WorldState_TiltFair_w2_000350:343.95
[worker 2] it=354 quick score=302.40 edge=370.40 p10=306.31 fee=46.01 best=WorldState_TiltFair_w2_000350:343.95
[worker 2] it=354 REFINE score=336.28 edge=358.59 p10=280.38 fee=35.44
[worker 2] NEW BEST refine score=336.28 edge=358.59 fee=35.44
[worker 2] it=355 quick score=219.28 edge=370.30 p10=301.96 fee=57.96 best=WorldState_TiltFair_w2_000350:343.95
[worker 2] it=356 quick score=341.38 edge=355.63 p10=297.78 fee=35.25 best=WorldState_TiltFair_w2_000350:343.95
[worker 2] it=357 quick score=340.43 edge=358.98 p10=299.91 fee=37.01 best=WorldState_TiltFair_w2_000350:343.95
[worker 2] it=358 quick score=280.71 edge=357.69 p10=294.24 fee=47.28 best=WorldState_TiltFair_w2_000350:343.95
[worker 2] it=359 quick score=341.58 edge=355.26 p10=297.23 fee=35.51 best=WorldState_TiltFair_w2_000350:343.95
[worker 2] it=360 quick score=278.27 edge=306.71 p10=257.79 fee=29.14 best=WorldState_TiltFair_w2_000350:343.95
